// Vitest Snapshot v1, https://vitest.dev/guide/snapshot.html

exports[`Add photo muttation must render success card 1`] = `
<DocumentFragment>
  <div
    class="bg-white rounded-lg shadow-md overflow-hidden items-center"
  >
    <div
      class="px-16 py-14"
    >
      <div
        class="flex justify-center"
      >
        <div
          class="rounded-full p-6 bg-green-200"
        >
          <div
            class="flex h-16 w-16 items-center justify-center rounded-full p-4 bg-green-500"
          >
            <svg
              class="h-8 w-8 text-white"
              fill="none"
              stroke="currentColor"
              stroke-width="1.5"
              viewBox="0 0 24 24"
              xmlns="http://www.w3.org/2000/svg"
            >
              <path
                d="M4.5 12.75l6 6 9-13.5"
                stroke-linecap="round"
                stroke-linejoin="round"
              />
            </svg>
          </div>
        </div>
      </div>
      <h3
        class="my-4 text-center text-3xl font-semibold text-gray-700"
      >
        Success!
      </h3>
      <p
        class="w-[230px] text-center font-normal text-gray-600"
      >
        Everything is ok.
      </p>
    </div>
  </div>
</DocumentFragment>
`;

exports[`Add photo muttation must return successful photo addition api request 1`] = `
<DocumentFragment>
  <div
    class="bg-white rounded-lg shadow-md overflow-hidden items-center"
  >
    <div
      class="px-16 py-14"
    >
      <div
        class="flex justify-center"
      >
        <div
          class="rounded-full p-6 bg-green-200"
        >
          <div
            class="flex h-16 w-16 items-center justify-center rounded-full p-4 bg-green-500"
          >
            <svg
              class="h-8 w-8 text-white"
              fill="none"
              stroke="currentColor"
              stroke-width="1.5"
              viewBox="0 0 24 24"
              xmlns="http://www.w3.org/2000/svg"
            >
              <path
                d="M4.5 12.75l6 6 9-13.5"
                stroke-linecap="round"
                stroke-linejoin="round"
              />
            </svg>
          </div>
        </div>
      </div>
      <h3
        class="my-4 text-center text-3xl font-semibold text-gray-700"
      >
        Success!
      </h3>
      <p
        class="w-[230px] text-center font-normal text-gray-600"
      >
        Everything is ok.
      </p>
    </div>
  </div>
</DocumentFragment>
`;
